Дата: 2026-07-01 23:22:41
Data Name: vt3-1;Sa=450 MPa
Method: numerical
================================================================================
ОЦЕНКА ПАРАМЕТРОВ РАСПРЕДЕЛЕНИЯ БИРНБАУМА-САНДЕРСА
================================================================================
Количество образцов: 17
  Разрушено: 12
  Цензурировано: 5
Диапазон данных: [233883.72, 28444611.07]
Минимальное разрушенное значение: 233883.72
================================================================================
ОЦЕНКИ ПАРАМЕТРОВ
================================================================================

ПОРОГ gamma = 0.57 циклов
  Поиск сошёлся: True
  Число итераций: 30
  Сообщение: Solution found.
  alpha=2.08200382
  beta=3135790.81
  Медиана   = 3135791.38 циклов
  Среднее   = 9932210.15 циклов
  Ст.откл.  = 16540279.19 циклов

МИНИМИЗИРУЕМАЯ ФУНКЦИЯ:
  Q = 2.019483917366e-12

СТАТИСТИКА ОПТИМИЗАЦИИ:
  Число оценок функции: 21
  Успех: True
  Сообщение: CONVERGENCE: RELATIVE REDUCTION OF F <= FACTR*EPSMCH

==========================================================================================

Оценка Каплана-Мейера:

==========================================================================================
№             Наработка         F(t)     Ftheo(t)    log10(N)  log10_low     log10_up  
------------------------------------------------------------------------------------------
1             233883.72      0.05882      0.05181   5.3690000    5.3174865    5.4150461
2             414954.04      0.12157      0.12597   5.6180000    5.5432317    5.6817670
3             425598.41      0.18431      0.12991   5.6290000    5.5381769    5.7040754
4             674528.03      0.25229      0.20816   5.8290000    5.7239105    5.9135499
5             799834.26      0.32026      0.23933   5.9030000    5.7877675    5.9939804
6            1196740.53      0.38824      0.31534   6.0780000    5.9560151    6.1731280
7            2786121.17      0.46471      0.47734   6.4450000    6.3165363    6.5440113
8            5888436.55      0.55392      0.62084   6.7700000    6.6354101    6.8725994
9           16255487.56      0.66544      0.81128   7.2110000    7.0711735    7.3166037
10          17060823.89      0.77696      0.81975   7.2320000    7.1035819    7.3309843
11          27605778.56      0.88848      0.89674   7.4410000    7.3437248    7.5204245
12          28444611.07      1.00000      0.90097   7.4540000    7.3592580    7.5317299

================================================================================
ПАРАМЕТРИЧЕСКИЙ БУТСТРЕП ДЛЯ BS-РАСПРЕДЕЛЕНИЯ
================================================================================
  Число бутстреп-итераций: 500
  Уровень доверия: 95%

================================================================================
ИТОГОВЫЕ РЕЗУЛЬТАТЫ ДОВЕРИТЕЛЬНЫХ ИНТЕРВАЛОВ (95%)
================================================================================

  p      Квантиль (циклы)      lg(N)              95% ДИ lg             Ширина  
--------------------------------------------------------------------------------
 0.01              1.23e+05     5.091177 [  4.6974,   5.5193]     0.8218
 0.05              2.30e+05     5.361069 [  4.9732,   5.7765]     0.8033
 0.50              3.14e+06     6.496347 [  6.1640,   6.9019]     0.7379
 0.95              4.28e+07     7.631626 [  7.2469,   8.2446]     0.9976
 0.99              7.97e+07     7.901519 [  7.5108,   8.5293]     1.0186

================================================================================
ИТОГОВЫЕ РЕЗУЛЬТАТЫ ДОВЕРИТЕЛЬНЫХ ИНТЕРВАЛОВ (95%)
================================================================================

  p      Квантиль (циклы)      lg(N)              95% ДИ lg             Ширина  
--------------------------------------------------------------------------------
 0.01              1.23e+05     5.091177 [  4.6974,   5.5193]     0.8218
 0.05              2.30e+05     5.361069 [  4.9732,   5.7765]     0.8033
 0.50              3.14e+06     6.496347 [  6.1640,   6.9019]     0.7379
 0.95              4.28e+07     7.631626 [  7.2469,   8.2446]     0.9976
 0.99              7.97e+07     7.901519 [  7.5108,   8.5293]     1.0186
