Дата: 2026-07-03 08:52:26
Data Name: vt3-1;Sa=450 MPa
Method: numerical
================================================================================
ОЦЕНКА ПАРАМЕТРОВ ОБРАТНОГО НОРМАЛЬНОГО РАСПРЕДЕЛЕНИЯ
================================================================================
Количество образцов: 17
  Разрушено: 12
  Цензурировано: 5
Диапазон данных: [233883.72, 28444611.07]
Минимальное разрушенное значение: 233883.72
================================================================================
ОЦЕНКИ ПАРАМЕТРОВ
================================================================================

ОПТИМАЛЬНЫЙ ПОРОГ gamma = 0.00 циклов
  Число итераций: 50
  Сообщение: Maximum number of function calls reached.
  mu = 8.48e+06 циклов
  lg(mu) = 6.9285
  lambda = 5.60e+06
  lg(lambda) = 6.7479
  Медиана = 4.93e+06 циклов
  lg(медиана) = 6.6929
  Среднее = 8.48e+06 циклов
  lg(среднее) = 6.9285
  Ст.откл. = 1.04e+07 циклов
  lg(ст.откл.) = 7.0188

МИНИМИЗИРУЕМАЯ ФУНКЦИЯ:
  Q = 3.433122659522e-11
  Число оценок функции: 6
  Успех: True
  Сообщение: CONVERGENCE: RELATIVE REDUCTION OF F <= FACTR*EPSMCH

==========================================================================================

Оценка Каплана-Мейера:

==========================================================================================
№             Наработка         F(t)     Ftheo(t)    log10(N)  log10_low     log10_up  
------------------------------------------------------------------------------------------
1             233883.72      0.05882      0.00000   5.3690000    5.3174865    5.4150461
2             414954.04      0.12157      0.00046   5.6180000    5.5432317    5.6817670
3             425598.41      0.18431      0.00055   5.6290000    5.5381769    5.7040754
4             674528.03      0.25229      0.00751   5.8290000    5.7239105    5.9135499
5             799834.26      0.32026      0.01539   5.9030000    5.7877675    5.9939804
6            1196740.53      0.38824      0.05707   6.0780000    5.9560151    6.1731280
7            2786121.17      0.46471      0.28234   6.4450000    6.3165363    6.5440113
8            5888436.55      0.55392      0.56727   6.7700000    6.6354101    6.8725994
9           16255487.56      0.66544      0.86746   7.2110000    7.0711735    7.3166037
10          17060823.89      0.77696      0.87703   7.2320000    7.1035819    7.3309843
11          27605778.56      0.88848      0.94865   7.4410000    7.3437248    7.5204245
12          28444611.07      1.00000      0.95179   7.4540000    7.3592580    7.5317299

================================================================================
ИТОГОВЫЕ РЕЗУЛЬТАТЫ ДОВЕРИТЕЛЬНЫХ ИНТЕРВАЛОВ (95%)
================================================================================

  p      Квантиль (циклы)      lg(N)              95% ДИ lg             Ширина  
--------------------------------------------------------------------------------
 0.01              7.20e+05     5.857128 [  5.7095,   6.2932]     0.5837
 0.05              1.14e+06     6.057143 [  5.9165,   6.4594]     0.5429
 0.50              4.93e+06     6.692931 [  6.5602,   6.9986]     0.4383
 0.95              2.80e+07     7.446515 [  7.1172,   7.7495]     0.6323
 0.99              5.20e+07     7.716324 [  7.2960,   8.0369]     0.7409

================================================================================
ИТОГОВЫЕ РЕЗУЛЬТАТЫ ДОВЕРИТЕЛЬНЫХ ИНТЕРВАЛОВ (95%)
================================================================================

  p      Квантиль (циклы)      lg(N)              95% ДИ lg             Ширина  
--------------------------------------------------------------------------------
 0.01              7.20e+05     5.857128 [  5.7095,   6.2932]     0.5837
 0.05              1.14e+06     6.057143 [  5.9165,   6.4594]     0.5429
 0.50              4.93e+06     6.692931 [  6.5602,   6.9986]     0.4383
 0.95              2.80e+07     7.446515 [  7.1172,   7.7495]     0.6323
 0.99              5.20e+07     7.716324 [  7.2960,   8.0369]     0.7409
