Дата: 2026-07-02 00:06:32
Data Name: vt3-1;Sa=450 MPa
Method: analytical
================================================================================
ОЦЕНКА ПАРАМЕТРОВ ОБРАТНОГО НОРМАЛЬНОГО РАСПРЕДЕЛЕНИЯ
================================================================================
Количество образцов: 17
  Разрушено: 12
  Цензурировано: 5
Диапазон данных: [233883.72, 28444611.07]
Минимальное разрушенное значение: 233883.72
================================================================================
ОЦЕНКИ ПАРАМЕТРОВ
================================================================================

ОПТИМАЛЬНЫЙ ПОРОГ gamma = 0.00 циклов
  Число итераций: 50
  Сообщение: Maximum number of function calls reached.
  mu = 1.77e+07 циклов
  lg(mu) = 7.2469
  lambda = 1.24e+06
  lg(lambda) = 6.0949
  Медиана = 2.35e+06 циклов
  lg(медиана) = 6.3712
  Среднее = 1.77e+07 циклов
  lg(среднее) = 7.2469
  Ст.откл. = 6.65e+07 циклов
  lg(ст.откл.) = 7.8229

МИНИМИЗИРУЕМАЯ ФУНКЦИЯ:
  Q = 1.463391782069e-29
  Число оценок функции: 14
  Успех: True
  Сообщение: `xtol` termination condition is satisfied.

==========================================================================================

Оценка Каплана-Мейера:

==========================================================================================
№             Наработка         F(t)     Ftheo(t)    log10(N)  log10_low     log10_up  
------------------------------------------------------------------------------------------
1             233883.72      0.05882      0.02261   5.3690000    5.3174865    5.4150461
2             414954.04      0.12157      0.08936   5.6180000    5.5432317    5.6817670
3             425598.41      0.18431      0.09360   5.6290000    5.5381769    5.7040754
4             674528.03      0.25229      0.18697   5.8290000    5.7239105    5.9135499
5             799834.26      0.32026      0.22757   5.9030000    5.7877675    5.9939804
6            1196740.53      0.38824      0.32994   6.0780000    5.9560151    6.1731280
7            2786121.17      0.46471      0.53954   6.4450000    6.3165363    6.5440113
8            5888436.55      0.55392      0.69045   6.7700000    6.6354101    6.8725994
9           16255487.56      0.66544      0.83385   7.2110000    7.0711735    7.3166037
10          17060823.89      0.77696      0.83913   7.2320000    7.1035819    7.3309843
11          27605778.56      0.88848      0.88511   7.4410000    7.3437248    7.5204245
12          28444611.07      1.00000      0.88761   7.4540000    7.3592580    7.5317299

================================================================================
ИТОГОВЫЕ РЕЗУЛЬТАТЫ ДОВЕРИТЕЛЬНЫХ ИНТЕРВАЛОВ (95%)
================================================================================

  p      Квантиль (циклы)      lg(N)              95% ДИ lg             Ширина  
--------------------------------------------------------------------------------
 0.01              1.84e+05     5.264987 [  5.1331,   5.6588]     0.5257
 0.05              3.14e+05     5.497342 [  5.3664,   5.8911]     0.5247
 0.50              2.35e+06     6.371245 [  6.2502,   6.7437]     0.4935
 0.95              7.59e+07     7.880118 [  7.3672,   8.4292]     1.0620
 0.99              2.92e+08     8.465254 [  7.7262,   9.3441]     1.6180

================================================================================
ИТОГОВЫЕ РЕЗУЛЬТАТЫ ДОВЕРИТЕЛЬНЫХ ИНТЕРВАЛОВ (95%)
================================================================================

  p      Квантиль (циклы)      lg(N)              95% ДИ lg             Ширина  
--------------------------------------------------------------------------------
 0.01              1.84e+05     5.264987 [  5.1331,   5.6588]     0.5257
 0.05              3.14e+05     5.497342 [  5.3664,   5.8911]     0.5247
 0.50              2.35e+06     6.371245 [  6.2502,   6.7437]     0.4935
 0.95              7.59e+07     7.880118 [  7.3672,   8.4292]     1.0620
 0.99              2.92e+08     8.465254 [  7.7262,   9.3441]     1.6180
