Дата: 2026-07-03 08:51:35
Data Name: vt3-1;Sa=450 MPa
================================================================================
ОЦЕНКА ПАРАМЕТРОВ РАСПРЕДЕЛЕНИЯ ВЕЙБУЛЛА
================================================================================
Количество образцов: 17
  Разрушено: 12
  Цензурировано: 5
Диапазон данных: [233883.72, 28444611.07]
Минимальное разрушенное значение: 233883.72
================================================================================
ОЦЕНКИ ПАРАМЕТРОВ
================================================================================

 gamma=231544.88 циклов
  Поиск сошёлся: True
  Число итераций: 36
  Сообщение: Solution found.
  shape (beta) = 0.53891444
  scale (eta) = 8043981.25 циклов
  Q (c*c)   = 0.000000000000357
  Медиана = 4306376.07 циклов
  log10(медиана) = 6.6341
  Среднее = 14371476.58 циклов
  log10(среднее) = 7.1575
  Ст.откл. = 28543466.58 циклов
  log10(ст.откл.) = 7.4555
================================================================================
КОВАРИАЦИОННАЯ МАТРИЦА ПАРАМЕТРОВ
================================================================================

  Cov(beta,beta)     = 1.42005806
  Cov(beta,eta)     = -0.00000001
  Cov(eta,beta)     = -0.00000001
  Cov(eta,eta)     = 0.00000000

СТАНДАРТНЫЕ ОШИБКИ ПАРАМЕТРОВ:
  SE(beta)   = 1.191662  (отн. 221.1%)
  SE(eta)   = 0.00 циклов  (отн. 0.0%)

==========================================================================================

Оценка Каплана-Мейера:

==========================================================================================
№             Наработка         F(t)     Ftheo(t)    log10(N)  log10_low     log10_up  
------------------------------------------------------------------------------------------
1             233883.72      0.05882      0.01234   5.3690000    5.3174865    5.4150461
2             414954.04      0.12157      0.12220   5.6180000    5.5432317    5.6817670
3             425598.41      0.18431      0.12573   5.6290000    5.5381769    5.7040754
4             674528.03      0.25229      0.18912   5.8290000    5.7239105    5.9135499
5             799834.26      0.32026      0.21318   5.9030000    5.7877675    5.9939804
6            1196740.53      0.38824      0.27310   6.0780000    5.9560151    6.1731280
7            2786121.17      0.46471      0.41663   6.4450000    6.3165363    6.5440113
8            5888436.55      0.55392      0.56272   6.7700000    6.6354101    6.8725994
9           16255487.56      0.66544      0.76537   7.2110000    7.0711735    7.3166037
10          17060823.89      0.77696      0.77431   7.2320000    7.1035819    7.3309843
11          27605778.56      0.88848      0.85554   7.4410000    7.3437248    7.5204245
12          28444611.07      1.00000      0.86006   7.4540000    7.3592580    7.5317299

================================================================================
ПАРАМЕТРИЧЕСКИЙ БУТСТРЕП ДЛЯ РАСПРЕДЕЛЕНИЯ ВЕЙБУЛЛА
================================================================================
  Число бутстреп-итераций: 500
  Уровень доверия: 95%

================================================================================
ИТОГОВЫЕ РЕЗУЛЬТАТЫ ДОВЕРИТЕЛЬНЫХ ИНТЕРВАЛОВ (95%)
================================================================================

  p      Квантиль (циклы)      lg(N)              95% ДИ lg             Ширина  
--------------------------------------------------------------------------------
 0.01              2.33e+05     5.367587 [  5.3650,   5.4832]     0.1182
 0.05              2.64e+05     5.421678 [  5.3781,   5.8544]     0.4763
 0.50              4.31e+06     6.634112 [  6.5183,   7.1577]     0.6394
 0.95              6.18e+07     7.791291 [  7.5218,   8.3744]     0.8526
 0.99              1.37e+08     8.136912 [  7.7410,   8.8066]     1.0656
