================================================================================
ОЦЕНКА ПАРАМЕТРОВ ЛОГ-НОРМАЛЬНОГО РАСПРЕДЕЛЕНИЯ
С АВТОМАТИЧЕСКИМ ПОИСКОМ ПОРОГА gamma
ДЛЯ ЦЕНЗУРИРОВАННЫХ УСТАЛОСТНЫХ ДАННЫХ
================================================================================
Дата: 2026-07-05 09:37:24
Испытания: vt3-1; Sa=450 MPa
Количество образцов: 17
  Разрушено: 12
  Цензурировано: 5
Диапазон данных: [233883.72, 28444611.07]
log10 диапазон: [5.3690, 7.4540]
Минимальное разрушенное значение: 233883.72
================================================================================
ПОИСК ОПТИМАЛЬНОГО ПОРОГА gamma
================================================================================
  Поиск сошёлся: True

================================================================================
ПАРАМЕТРЫ РАСПРЕДЕЛЕНИЯ
================================================================================

 ПОРОГ gamma = 202224.79 циклов

  mu=6.521535 (среднее lg(N-gamma))
  s=0.968829 (стандартное отклонение lg(N-gamma))

  Начальные приближения:
    mu_init = 6.259483
    s_init = 0.928388

ОПТИМИЗАЦИЯ:
  Q=3.081487911020e-33
  Число оценок функции: 6
  Успех: True
  Сообщение: `xtol` termination condition is satisfied.

================================================================================
КОВАРИАЦИОННАЯ МАТРИЦА ПАРАМЕТРОВ:
================================================================================

  Cov(mu,mu) = 1.201135e+00
  Cov(mu,s) = 1.732926e-01
  Cov(s,mu) = 1.732926e-01
  Cov(s,s) = 7.051187e-01

==========================================================================================
ОЦЕНКА КАПЛАНА-МЕЙЕРА:
==========================================================================================
№             Наработка         F(t)     Ftheo(t)    КМ квантиль       ДИ нижн.      ДИ верхн.
--------------------------------------------------------------------------------------------------------------
1             233883.72      0.05882      0.11710   5.3690000    5.3174865    5.4150461
2             414954.04      0.12157      0.17551   5.6180000    5.5432317    5.6817670
3             425598.41      0.18431      0.17846   5.6290000    5.5381769    5.7040754
4             674528.03      0.25229      0.23736   5.8290000    5.7239105    5.9135499
5             799834.26      0.32026      0.26160   5.9030000    5.7877675    5.9939804
6            1196740.53      0.38824      0.32355   6.0780000    5.9560151    6.1731280
7            2786121.17      0.46471      0.46852   6.4450000    6.3165363    6.5440113
8            5888436.55      0.55392      0.60120   6.7700000    6.6354101    6.8725994
9           16255487.56      0.66544      0.76166   7.2110000    7.0711735    7.3166037
10          17060823.89      0.77696      0.76832   7.2320000    7.1035819    7.3309843
11          27605778.56      0.88848      0.82870   7.4410000    7.3437248    7.5204245
12          28444611.07      1.00000      0.83209   7.4540000    7.3592580    7.5317299

================================================================================
БУТСТРЕП ДОВЕРИТЕЛЬНЫЕ ИНТЕРВАЛЫ
================================================================================

     p        lg(Xplow)      lg(Xp)      lg(Xpup)  
--------------------------------------------------------------------------------
    0.010000    3.575649    4.057645    5.282570
    0.050000    4.487286    4.818323    5.807890
    0.500000    6.361525    6.654294    7.303431
    0.950000    7.690950    8.490265    9.324387
    0.990000    8.188574    9.250943   10.253635
АНАЛИТИЧЕСКИЕ ДОВЕРИТЕЛЬНЫЕ ИНТЕРВАЛЫ
================================================================================

     p        lg(Xplow)      lg(Xp)      lg(Xpup)  
================================================================================
    0.010000    2.965907    4.267701    4.875308
    0.050000    3.964883    4.927952    5.418893
    0.500000    6.089400    6.521535    7.017502
    0.950000    7.539689    8.115117    9.290338
    0.990000    8.069345    8.775369   10.303244
