Дата: 2026-07-03 08:49:08
Data Name: vt3-1;Sa=450 MPa
Method: analytical
================================================================================
ОЦЕНКА ПАРАМЕТРОВ РАСПРЕДЕЛЕНИЯ БИРНБАУМА-САНДЕРСА
================================================================================
Количество образцов: 17
  Разрушено: 12
  Цензурировано: 5
Диапазон данных: [233883.72, 28444611.07]
Минимальное разрушенное значение: 233883.72
================================================================================
ОЦЕНКИ ПАРАМЕТРОВ
================================================================================

ПОРОГ gamma = 0.20 циклов
  Поиск сошёлся: True
  Число итераций: 30
  Сообщение: Solution found.
  alpha=2.11035973
  beta=3719973.27
  Медиана   = 3719973.47 циклов
  Среднее   = 12003643.80 циклов
  Ст.откл.  = 20117803.93 циклов

МИНИМИЗИРУЕМАЯ ФУНКЦИЯ:
  Q = 2.490863830194e-32

СТАТИСТИКА ОПТИМИЗАЦИИ:
  Число оценок функции: 7
  Успех: True
  Сообщение: `xtol` termination condition is satisfied.

==========================================================================================

Оценка Каплана-Мейера:

==========================================================================================
№             Наработка         F(t)     Ftheo(t)    log10(N)  log10_low     log10_up  
------------------------------------------------------------------------------------------
1             233883.72      0.05882      0.03828   5.3690000    5.3174865    5.4150461
2             414954.04      0.12157      0.10374   5.6180000    5.5432317    5.6817670
3             425598.41      0.18431      0.10737   5.6290000    5.5381769    5.7040754
4             674528.03      0.25229      0.18114   5.8290000    5.7239105    5.9135499
5             799834.26      0.32026      0.21122   5.9030000    5.7877675    5.9939804
6            1196740.53      0.38824      0.28547   6.0780000    5.9560151    6.1731280
7            2786121.17      0.46471      0.44534   6.4450000    6.3165363    6.5440113
8            5888436.55      0.55392      0.58689   6.7700000    6.6354101    6.8725994
9           16255487.56      0.66544      0.77753   7.2110000    7.0711735    7.3166037
10          17060823.89      0.77696      0.78626   7.2320000    7.1035819    7.3309843
11          27605778.56      0.88848      0.86798   7.4410000    7.3437248    7.5204245
12          28444611.07      1.00000      0.87264   7.4540000    7.3592580    7.5317299

================================================================================
ПАРАМЕТРИЧЕСКИЙ БУТСТРЕП ДЛЯ BS-РАСПРЕДЕЛЕНИЯ
================================================================================
  Число бутстреп-итераций: 500
  Уровень доверия: 95%

================================================================================
ИТОГОВЫЕ РЕЗУЛЬТАТЫ ДОВЕРИТЕЛЬНЫХ ИНТЕРВАЛОВ (95%)
================================================================================

  p      Квантиль (циклы)      lg(N)              95% ДИ lg             Ширина  
--------------------------------------------------------------------------------
 0.01              1.43e+05     5.154497 [  4.9054,   5.6710]     0.7656
 0.05              2.66e+05     5.425098 [  5.1865,   5.9250]     0.7385
 0.50              3.72e+06     6.570540 [  6.4457,   6.9519]     0.5062
 0.95              5.20e+07     7.715982 [  7.4953,   8.1682]     0.6729
 0.99              9.70e+07     7.986583 [  7.7602,   8.4485]     0.6884

================================================================================
ИТОГОВЫЕ РЕЗУЛЬТАТЫ ДОВЕРИТЕЛЬНЫХ ИНТЕРВАЛОВ (95%)
================================================================================

  p      Квантиль (циклы)      lg(N)              95% ДИ lg             Ширина  
--------------------------------------------------------------------------------
 0.01              1.43e+05     5.154497 [  4.9054,   5.6710]     0.7656
 0.05              2.66e+05     5.425098 [  5.1865,   5.9250]     0.7385
 0.50              3.72e+06     6.570540 [  6.4457,   6.9519]     0.5062
 0.95              5.20e+07     7.715982 [  7.4953,   8.1682]     0.6729
 0.99              9.70e+07     7.986583 [  7.7602,   8.4485]     0.6884
