================================================================================
нжемйю оюпюлерпнб йпхбни сярюкнярх (method='lm')
================================================================================
дЮРЮ: 2026-07-04 22:33:34
сПНБМЕИ: 5
нАПЮГЖНБ: 109
================================================================================

================================================================================
пегскэрюр дкъ ku=0 (sigma = sigma_inf + C * (lgN)^(-m))
================================================================================
беяю:
  Weight[0] = 1532.8829
  Weight[1] = 1027.8929
  Weight[2] = 505.8477
  Weight[3] = 185.4999
  Weight[4] = 46.0190
================================================================================
мювюкэмше оюпюлерпш:
  sigma_inf = 105.0000 лоЮ (0.5 * s_min)
  log10(C)  = 3.5218
  C         = 3325.0437
  m         = 1.782494
================================================================================
ярюрся норхлхгюжхх:
  сяоеьмн (ier=1: Both actual and predicted relative reductions in the sum of squares
  are at most 0.000000)
  йНКХВЕЯРБН БШГНБНБ ТСМЙЖХХ (nfev) = 104
================================================================================
тхмюкэмше оюпюлерпш:
  sigma_inf = 159.2688409 лоЮ
  log10(C)  = 4.1078879
  C         = 12819.9956072
  m         = 2.8446286
  Q         = 0.0014812
================================================================================
ярюмдюпрмше ньхайх оюпюлерпнб:
  se(sigma_inf) = 1.395701e+01
  se(C)         = 8.540588e+03
  se(m)         = 4.771004e-01
================================================================================
йнбюпхюжхнммюъ люрпхжю:
       [sigma_inf        C            m     ]
      [1.947981e+02 1.163785e+05 6.562443e+00]
      [1.163785e+05 7.294164e+07 4.069585e+03]
      [6.562443e+00 4.069585e+03 2.276248e-01]
================================================================================
япюбмемхе:
i       s(лоЮ)      lgN_exp     lgN_calc    s_calc(лоЮ)      мЕБЪГЙЮ
----------------------------------------------------------------------
1        330.0     4.530724     4.563932         333.58 3.320848e-02
2        285.0     5.134938     5.082159         281.36 -5.277957e-02
3        254.0     5.619119     5.613970         253.75 -5.149515e-03
4        228.0     6.243595     6.284248         229.28 4.065296e-02
5        210.0     7.007919     6.992202         209.68 -1.571625e-02
================================================================================

================================================================================
пегскэрюр дкъ ku=1 (sigma = sigma_inf + C * N^(-m))
================================================================================
беяю:
  Weight[0] = 1532.8829
  Weight[1] = 1027.8929
  Weight[2] = 505.8477
  Weight[3] = 185.4999
  Weight[4] = 46.0190
================================================================================
мювюкэмше оюпюлерпш:
  sigma_inf = 105.0000 лоЮ (0.5 * s_min)
  log10(C)  = 3.0789
  C         = 1199.1281
  m         = 0.160390
================================================================================
ярюрся норхлхгюжхх:
  сяоеьмн (ier=1: Both actual and predicted relative reductions in the sum of squares
  are at most 0.000000)
  йНКХВЕЯРБН БШГНБНБ ТСМЙЖХХ (nfev) = 60
================================================================================
тхмюкэмше оюпюлерпш:
  sigma_inf = 181.5265030 лоЮ
  log10(C)  = 3.5112600
  C         = 3245.3383133
  m         = 0.2939413
  Q         = 0.0009876
================================================================================
ярюмдюпрмше ньхайх оюпюлерпнб:
  se(sigma_inf) = 5.514398e+00
  se(C)         = 9.101160e+02
  se(m)         = 2.834135e-02
================================================================================
йнбюпхюжхнммюъ люрпхжю:
       [sigma_inf        C            m     ]
      [3.040859e+01 4.771351e+03 1.520629e-01]
      [4.771351e+03 8.283111e+05 2.568600e+01]
      [1.520629e-01 2.568600e+01 8.032321e-04]
================================================================================
япюбмемхе:
i       s(лоЮ)      lgN_exp     lgN_calc    s_calc(лоЮ)      мЕБЪГЙЮ
----------------------------------------------------------------------
1        330.0     4.530724     4.557410         332.71 2.668589e-02
2        285.0     5.134938     5.090917         281.96 -4.402149e-02
3        254.0     5.619119     5.617042         253.90 -2.077260e-03
4        228.0     6.243595     6.273547         228.95 2.995150e-02
5        210.0     7.007919     6.997380         209.80 -1.053864e-02
================================================================================

================================================================================
япюбмемхе дбсу лндекеи
================================================================================
оЮПЮЛЕРП                        ku=0                 ku=1
-------------------------------------------------------
sigma_inf (лоЮ)               159.27               181.53
C                           12820.00              3245.34
m                             2.8446               0.2939
Q                          0.0014812            0.0009876
================================================================================

================================================================================
юлокхрсдш мюопъфемхи х нрмняхрекэмше ньхайх дкъ аюгнбшу днкцнбевмняреи:
================================================================================

--- лндекэ ku=0 (sigma = sigma_inf + C * (lgN)^(-m)) ---
i       lg(N0)       s(lgN0), лоЮ     s_std, лоЮ  delta=s_std/s    delta,%
--------------------------------------------------------------------------------
1        5.000        290.9664272      1.5208238       0.005227      0.52%
2        6.000        237.6725447      1.3594919       0.005720      0.57%
3        7.000        209.8394084      2.5562611       0.012182      1.22%
4        7.699        197.8447596      4.0461820       0.020451      2.05%
5        8.000        193.8573846      4.6817111       0.024150      2.42%

--- лндекэ ku=1 (sigma = sigma_inf + C * N^(-m)) ---
i       lg(N0)        s(10^N0), лоЮ     s_std, лоЮ  delta=s_std/s    delta,%
--------------------------------------------------------------------------------
1        5.000          291.5671965      1.4822211       0.005084      0.51%
2        6.000          237.4522749      1.3765508       0.005797      0.58%
3        7.000          209.9495515      2.4591771       0.011713      1.17%
4        7.699          199.2363367      3.8850987       0.019500      1.95%
5        8.000          195.9718947      4.4697007       0.022808      2.28%
