======================================================================
ДВУХЭТАПНАЯ ОПТИМИЗАЦИЯ ПЛАНИРОВАНИЯ УСТАЛОСТНЫХ ИСПЫТАНИЙ
Этап 1: Теоретическая оптимизация (на основе информационной матрицы)
Этап 2: Уточнение методом Монте-Карло
Поддержка произвольного числа уровней нагружения
======================================================================

Параметры задачи:
  s_inf = 250.0 МПа
  C = 800.0, m = 0.12
  a = 0.08, alpha = 0.8
  Уровни lgN (4 шт): [5.0, 5.6, 6.3, 7.0]
  C3/C1 = 1.000
  eps = 0.2, gamma = 0.1, t = 2.0
  delta_target = 0.01000
  f = 1000.0 Гц
  n_simulations = 700

======================================================================
ОПТИМИЗАЦИЯ ДЛЯ N0 = 1e+05
======================================================================

  Теоретическая оптимизация для N0=1e+05...
    Равномерное                               48   0.00998     89.6   [0.250, 0.250, 0.250, 0.250] +
    Сдвиг вправо p=0.5                       220   0.00999    512.9   [0.040, 0.225, 0.328, 0.406] +
    Сдвиг вправо p=1.0                       300   0.01491    782.3   [0.005, 0.156, 0.332, 0.508] -
    Сдвиг вправо p=1.5                       300   0.25000    843.8   [0.001, 0.100, 0.311, 0.588] -
    Сдвиг вправо p=2.0                       300   0.25000    893.1   [0.000, 0.062, 0.281, 0.657] -
    Сдвиг вправо p=2.5                       300   0.25000    936.7   [0.000, 0.037, 0.247, 0.716] -
    Сдвиг вправо p=3.0                       300   0.25000    969.6   [0.000, 0.022, 0.213, 0.765] -
    Сдвиг вправо p=4.0                       300   0.25000   1023.0   [0.000, 0.007, 0.153, 0.839] -
    Сдвиг вправо p=5.0                       300   0.25000   1056.8   [0.000, 0.002, 0.106, 0.891] -
    Сдвиг вправо p=7.0                       300   0.25000   1094.6   [0.000, 0.000, 0.048, 0.951] -
    Сдвиг вправо p=10.0                      300   0.25000   1119.0   [0.000, 0.000, 0.014, 0.986] -
    Сдвиг влево p=0.5                         32   0.00987     40.8   [0.394, 0.331, 0.236, 0.039] +
    Сдвиг влево p=1.0                         27   0.00984     33.9   [0.483, 0.340, 0.172, 0.005] +
    Сдвиг влево p=1.5                         23   0.00999     28.6   [0.555, 0.327, 0.118, 0.001] +
    Сдвиг влево p=2.0                         21   0.00992     25.9   [0.617, 0.305, 0.078, 0.000] +
    Сдвиг влево p=2.5                        300   0.25000    325.9   [0.671, 0.278, 0.051, 0.000] -
    Сдвиг влево p=3.0                        300   0.25000    322.6   [0.718, 0.249, 0.033, 0.000] -
    Сдвиг влево p=4.0                        300   0.25000    318.0   [0.793, 0.194, 0.013, 0.000] -
    Сдвиг влево p=5.0                        300   0.25000    315.3   [0.849, 0.146, 0.005, 0.000] -
    Сдвиг влево p=7.0                        300   0.25000    313.5   [0.921, 0.078, 0.001, 0.000] -
    Сдвиг влево p=10.0                       300   0.25000    312.4   [0.971, 0.029, 0.000, 0.000] -
    Симметричный (0.4,0.1,0.1,0.4)            32   0.00989     70.5   [0.400, 0.100, 0.100, 0.400] +
    Симметричный (0.35,0.15,0.15,0.35)        36   0.00991     75.8   [0.350, 0.150, 0.150, 0.350] +
    Симметричный (0.3,0.2,0.2,0.3)            41   0.00996     80.0   [0.300, 0.200, 0.200, 0.300] +
    Симметричный (0.25,0.25,0.25,0.25)        48   0.00998     89.6   [0.250, 0.250, 0.250, 0.250] +
    Симметричный (0.2,0.3,0.3,0.2)            59   0.00993    104.5   [0.200, 0.300, 0.300, 0.200] +
    Симметричный (0.15,0.35,0.35,0.15)        75   0.00995    123.3   [0.150, 0.350, 0.350, 0.150] +
    Симметричный (0.1,0.4,0.4,0.1)           104   0.00999    160.0   [0.100, 0.400, 0.400, 0.100] +
    Симметричный (0.45,0.05,0.05,0.45)        29   0.00984     66.2   [0.450, 0.050, 0.050, 0.450] +
    Симметричный (0.48,0.02,0.02,0.48)       300   0.25000    708.0   [0.480, 0.020, 0.020, 0.480] -
    Экстремальный вправо (0.1,0.1,0.3,0.5)   116   0.01000    295.4   [0.100, 0.100, 0.300, 0.500] +
    Экстремальный вправо (0.05,0.1,0.25,0.6) 215   0.00998    603.2   [0.050, 0.100, 0.250, 0.600] +
    Экстремальный вправо (0.02,0.08,0.2,0.7) 300   0.01239    919.4   [0.020, 0.080, 0.200, 0.700] -
    Экстремальный влево (0.5,0.3,0.1,0.1)     25   0.01000     32.9   [0.500, 0.300, 0.100, 0.100] +
    Экстремальный влево (0.6,0.25,0.1,0.05)   21   0.00998     25.8   [0.600, 0.250, 0.100, 0.050] +
    Экстремальный влево (0.7,0.2,0.08,0.02)   19   0.00975     23.7   [0.700, 0.200, 0.080, 0.020] +

    Лучший теоретический план (с достигнутой точностью):
      Экстремальный влево (0.7,0.2,0.08,0.02)
      nu = [0.7, 0.2, 0.08, 0.02]
      n = 19 - распределение: [12, 4, 2, 1]
      delta = 0.00975 (цель<=0.01000)
      cost = 23.7

  Этап 2: Уточнение методом Монте-Карло (симуляций=700)...
    Теоретический план: n=19, delta=0.25000
     Предупреждение: даже при n=500 точность не достигнута (delta=0.25000 > 0.01000)

     Финальный план (Монте-Карло):
      nu = [0.7, 0.2, 0.08, 0.02]
      n = 19 - распределение: [12, 4, 2, 1]
      delta = 0.25000 (цель <= 0.01000)
      cost = 23.7

======================================================================
ОПТИМИЗАЦИЯ ДЛЯ N0 = 1e+06
======================================================================

  Теоретическая оптимизация для N0=1e+06...
    Равномерное                               33   0.00992     60.8   [0.250, 0.250, 0.250, 0.250] +
    Сдвиг вправо p=0.5                        30   0.00991     69.7   [0.040, 0.225, 0.328, 0.406] +
    Сдвиг вправо p=1.0                        33   0.00996     84.1   [0.005, 0.156, 0.332, 0.508] +
    Сдвиг вправо p=1.5                       300   0.25000    843.8   [0.001, 0.100, 0.311, 0.588] -
    Сдвиг вправо p=2.0                       300   0.25000    893.1   [0.000, 0.062, 0.281, 0.657] -
    Сдвиг вправо p=2.5                       300   0.25000    936.7   [0.000, 0.037, 0.247, 0.716] -
    Сдвиг вправо p=3.0                       300   0.25000    969.6   [0.000, 0.022, 0.213, 0.765] -
    Сдвиг вправо p=4.0                       300   0.25000   1023.0   [0.000, 0.007, 0.153, 0.839] -
    Сдвиг вправо p=5.0                       300   0.25000   1056.8   [0.000, 0.002, 0.106, 0.891] -
    Сдвиг вправо p=7.0                       300   0.25000   1094.6   [0.000, 0.000, 0.048, 0.951] -
    Сдвиг вправо p=10.0                      300   0.25000   1119.0   [0.000, 0.000, 0.014, 0.986] -
    Сдвиг влево p=0.5                         30   0.00984     38.1   [0.394, 0.331, 0.236, 0.039] +
    Сдвиг влево p=1.0                         33   0.00992     40.7   [0.483, 0.340, 0.172, 0.005] +
    Сдвиг влево p=1.5                         40   0.00994     47.6   [0.555, 0.327, 0.118, 0.001] +
    Сдвиг влево p=2.0                         52   0.00993     59.6   [0.617, 0.305, 0.078, 0.000] +
    Сдвиг влево p=2.5                        300   0.25000    325.9   [0.671, 0.278, 0.051, 0.000] -
    Сдвиг влево p=3.0                        300   0.25000    322.6   [0.718, 0.249, 0.033, 0.000] -
    Сдвиг влево p=4.0                        300   0.25000    318.0   [0.793, 0.194, 0.013, 0.000] -
    Сдвиг влево p=5.0                        300   0.25000    315.3   [0.849, 0.146, 0.005, 0.000] -
    Сдвиг влево p=7.0                        300   0.25000    313.5   [0.921, 0.078, 0.001, 0.000] -
    Сдвиг влево p=10.0                       300   0.25000    312.4   [0.971, 0.029, 0.000, 0.000] -
    Симметричный (0.4,0.1,0.1,0.4)            81   0.00995    176.1   [0.400, 0.100, 0.100, 0.400] +
    Симметричный (0.35,0.15,0.15,0.35)        54   0.00997    112.6   [0.350, 0.150, 0.150, 0.350] +
    Симметричный (0.3,0.2,0.2,0.3)            41   0.00993     80.0   [0.300, 0.200, 0.200, 0.300] +
    Симметричный (0.25,0.25,0.25,0.25)        33   0.00992     60.8   [0.250, 0.250, 0.250, 0.250] +
    Симметричный (0.2,0.3,0.3,0.2)            28   0.00987     50.2   [0.200, 0.300, 0.300, 0.200] +
    Симметричный (0.15,0.35,0.35,0.15)        24   0.00993     40.5   [0.150, 0.350, 0.350, 0.150] +
    Симметричный (0.1,0.4,0.4,0.1)            22   0.00982     33.6   [0.100, 0.400, 0.400, 0.100] +
    Симметричный (0.45,0.05,0.05,0.45)       161   0.00997    368.3   [0.450, 0.050, 0.050, 0.450] +
    Симметричный (0.48,0.02,0.02,0.48)       300   0.25000    708.0   [0.480, 0.020, 0.020, 0.480] -
    Экстремальный вправо (0.1,0.1,0.3,0.5)    40   0.00993    102.8   [0.100, 0.100, 0.300, 0.500] +
    Экстремальный вправо (0.05,0.1,0.25,0.6)  46   0.00989    128.3   [0.050, 0.100, 0.250, 0.600] +
    Экстремальный вправо (0.02,0.08,0.2,0.7)  57   0.00993    174.8   [0.020, 0.080, 0.200, 0.700] +
    Экстремальный влево (0.5,0.3,0.1,0.1)     43   0.00990     58.4   [0.500, 0.300, 0.100, 0.100] +
    Экстремальный влево (0.6,0.25,0.1,0.05)   48   0.00996     58.5   [0.600, 0.250, 0.100, 0.050] +
    Экстремальный влево (0.7,0.2,0.08,0.02)   60   0.00995     68.0   [0.700, 0.200, 0.080, 0.020] +

    Лучший теоретический план (с достигнутой точностью):
      Симметричный (0.1,0.4,0.4,0.1)
      nu = [0.1, 0.4, 0.4, 0.1]
      n = 22 - распределение: [2, 9, 9, 2]
      delta = 0.00982 (цель<=0.01000)
      cost = 33.6

  Этап 2: Уточнение методом Монте-Карло (симуляций=700)...
    Теоретический план: n=22, delta=0.25000
     Предупреждение: даже при n=500 точность не достигнута (delta=0.25000 > 0.01000)

     Финальный план (Монте-Карло):
      nu = [0.1, 0.4, 0.4, 0.1]
      n = 22 - распределение: [2, 9, 9, 2]
      delta = 0.25000 (цель <= 0.01000)
      cost = 33.6

======================================================================
ОПТИМИЗАЦИЯ ДЛЯ N0 = 1e+07
======================================================================

  Теоретическая оптимизация для N0=1e+07...
    Равномерное                               42   0.00999     76.8   [0.250, 0.250, 0.250, 0.250] +
    Сдвиг вправо p=0.5                        27   0.00990     63.2   [0.040, 0.225, 0.328, 0.406] +
    Сдвиг вправо p=1.0                        22   0.00990     56.8   [0.005, 0.156, 0.332, 0.508] +
    Сдвиг вправо p=1.5                       300   0.25000    843.8   [0.001, 0.100, 0.311, 0.588] -
    Сдвиг вправо p=2.0                       300   0.25000    893.1   [0.000, 0.062, 0.281, 0.657] -
    Сдвиг вправо p=2.5                       300   0.25000    936.7   [0.000, 0.037, 0.247, 0.716] -
    Сдвиг вправо p=3.0                       300   0.25000    969.6   [0.000, 0.022, 0.213, 0.765] -
    Сдвиг вправо p=4.0                       300   0.25000   1023.0   [0.000, 0.007, 0.153, 0.839] -
    Сдвиг вправо p=5.0                       300   0.25000   1056.8   [0.000, 0.002, 0.106, 0.891] -
    Сдвиг вправо p=7.0                       300   0.25000   1094.6   [0.000, 0.000, 0.048, 0.951] -
    Сдвиг вправо p=10.0                      300   0.25000   1119.0   [0.000, 0.000, 0.014, 0.986] -
    Сдвиг влево p=0.5                        208   0.00999    267.3   [0.394, 0.331, 0.236, 0.039] +
    Сдвиг влево p=1.0                        300   0.01494    346.9   [0.483, 0.340, 0.172, 0.005] -
    Сдвиг влево p=1.5                        300   0.01960    337.6   [0.555, 0.327, 0.118, 0.001] -
    Сдвиг влево p=2.0                        300   0.02353    331.3   [0.617, 0.305, 0.078, 0.000] -
    Сдвиг влево p=2.5                        300   0.25000    325.9   [0.671, 0.278, 0.051, 0.000] -
    Сдвиг влево p=3.0                        300   0.25000    322.6   [0.718, 0.249, 0.033, 0.000] -
    Сдвиг влево p=4.0                        300   0.25000    318.0   [0.793, 0.194, 0.013, 0.000] -
    Сдвиг влево p=5.0                        300   0.25000    315.3   [0.849, 0.146, 0.005, 0.000] -
    Сдвиг влево p=7.0                        300   0.25000    313.5   [0.921, 0.078, 0.001, 0.000] -
    Сдвиг влево p=10.0                       300   0.25000    312.4   [0.971, 0.029, 0.000, 0.000] -
    Симметричный (0.4,0.1,0.1,0.4)            28   0.00985     60.9   [0.400, 0.100, 0.100, 0.400] +
    Симметричный (0.35,0.15,0.15,0.35)        31   0.00996     65.2   [0.350, 0.150, 0.150, 0.350] +
    Симметричный (0.3,0.2,0.2,0.3)            36   0.00993     71.5   [0.300, 0.200, 0.200, 0.300] +
    Симметричный (0.25,0.25,0.25,0.25)        42   0.00999     76.8   [0.250, 0.250, 0.250, 0.250] +
    Симметричный (0.2,0.3,0.3,0.2)            52   0.00994     90.7   [0.200, 0.300, 0.300, 0.200] +
    Симметричный (0.15,0.35,0.35,0.15)        67   0.00995    110.5   [0.150, 0.350, 0.350, 0.150] +
    Симметричный (0.1,0.4,0.4,0.1)            95   0.00998    148.2   [0.100, 0.400, 0.400, 0.100] +
    Симметричный (0.45,0.05,0.05,0.45)        25   0.00986     56.6   [0.450, 0.050, 0.050, 0.450] +
    Симметричный (0.48,0.02,0.02,0.48)       300   0.25000    708.0   [0.480, 0.020, 0.020, 0.480] -
    Экстремальный вправо (0.1,0.1,0.3,0.5)    22   0.00993     56.7   [0.100, 0.100, 0.300, 0.500] +
    Экстремальный вправо (0.05,0.1,0.25,0.6)  19   0.00977     52.6   [0.050, 0.100, 0.250, 0.600] +
    Экстремальный вправо (0.02,0.08,0.2,0.7)  16   0.00988     48.4   [0.020, 0.080, 0.200, 0.700] +
    Экстремальный влево (0.5,0.3,0.1,0.1)    102   0.01000    140.2   [0.500, 0.300, 0.100, 0.100] +
    Экстремальный влево (0.6,0.25,0.1,0.05)  192   0.00999    238.8   [0.600, 0.250, 0.100, 0.050] +
    Экстремальный влево (0.7,0.2,0.08,0.02)  300   0.01188    342.4   [0.700, 0.200, 0.080, 0.020] -

    Лучший теоретический план (с достигнутой точностью):
      Экстремальный вправо (0.02,0.08,0.2,0.7)
      nu = [0.02, 0.08, 0.2, 0.7]
      n = 16 - распределение: [1, 1, 3, 11]
      delta = 0.00988 (цель<=0.01000)
      cost = 48.4

  Этап 2: Уточнение методом Монте-Карло (симуляций=700)...
    Теоретический план: n=16, delta=0.25000
     Предупреждение: даже при n=500 точность не достигнута (delta=0.25000 > 0.01000)

     Финальный план (Монте-Карло):
      nu = [0.02, 0.08, 0.2, 0.7]
      n = 16 - распределение: [1, 1, 3, 11]
      delta = 0.25000 (цель <= 0.01000)
      cost = 48.4

======================================================================
ОПТИМИЗАЦИЯ ДЛЯ N0 = 5e+07
======================================================================

  Теоретическая оптимизация для N0=5e+07...
    Равномерное                              300   0.01027    560.3   [0.250, 0.250, 0.250, 0.250] -
    Сдвиг вправо p=0.5                       300   0.01000    698.8   [0.040, 0.225, 0.328, 0.406] +
    Сдвиг вправо p=1.0                       300   0.01158    782.3   [0.005, 0.156, 0.332, 0.508] -
    Сдвиг вправо p=1.5                       300   0.25000    843.8   [0.001, 0.100, 0.311, 0.588] -
    Сдвиг вправо p=2.0                       300   0.25000    893.1   [0.000, 0.062, 0.281, 0.657] -
    Сдвиг вправо p=2.5                       300   0.25000    936.7   [0.000, 0.037, 0.247, 0.716] -
    Сдвиг вправо p=3.0                       300   0.25000    969.6   [0.000, 0.022, 0.213, 0.765] -
    Сдвиг вправо p=4.0                       300   0.25000   1023.0   [0.000, 0.007, 0.153, 0.839] -
    Сдвиг вправо p=5.0                       300   0.25000   1056.8   [0.000, 0.002, 0.106, 0.891] -
    Сдвиг вправо p=7.0                       300   0.25000   1094.6   [0.000, 0.000, 0.048, 0.951] -
    Сдвиг вправо p=10.0                      300   0.25000   1119.0   [0.000, 0.000, 0.014, 0.986] -
    Сдвиг влево p=0.5                        300   0.01910    386.9   [0.394, 0.331, 0.236, 0.039] -
    Сдвиг влево p=1.0                        300   0.03250    346.9   [0.483, 0.340, 0.172, 0.005] -
    Сдвиг влево p=1.5                        300   0.04141    337.6   [0.555, 0.327, 0.118, 0.001] -
    Сдвиг влево p=2.0                        300   0.04857    331.3   [0.617, 0.305, 0.078, 0.000] -
    Сдвиг влево p=2.5                        300   0.25000    325.9   [0.671, 0.278, 0.051, 0.000] -
    Сдвиг влево p=3.0                        300   0.25000    322.6   [0.718, 0.249, 0.033, 0.000] -
    Сдвиг влево p=4.0                        300   0.25000    318.0   [0.793, 0.194, 0.013, 0.000] -
    Сдвиг влево p=5.0                        300   0.25000    315.3   [0.849, 0.146, 0.005, 0.000] -
    Сдвиг влево p=7.0                        300   0.25000    313.5   [0.921, 0.078, 0.001, 0.000] -
    Сдвиг влево p=10.0                       300   0.25000    312.4   [0.971, 0.029, 0.000, 0.000] -
    Симметричный (0.4,0.1,0.1,0.4)           300   0.01090    656.6   [0.400, 0.100, 0.100, 0.400] -
    Симметричный (0.35,0.15,0.15,0.35)       300   0.01012    624.5   [0.350, 0.150, 0.150, 0.350] -
    Симметричный (0.3,0.2,0.2,0.3)           300   0.00999    592.4   [0.300, 0.200, 0.200, 0.300] +
    Симметричный (0.25,0.25,0.25,0.25)       300   0.01027    560.3   [0.250, 0.250, 0.250, 0.250] -
    Симметричный (0.2,0.3,0.3,0.2)           300   0.01093    528.2   [0.200, 0.300, 0.300, 0.200] -
    Симметричный (0.15,0.35,0.35,0.15)       300   0.01212    496.1   [0.150, 0.350, 0.350, 0.150] -
    Симметричный (0.1,0.4,0.4,0.1)           300   0.01429    463.9   [0.100, 0.400, 0.400, 0.100] -
    Симметричный (0.45,0.05,0.05,0.45)       300   0.01353    688.7   [0.450, 0.050, 0.050, 0.450] -
    Симметричный (0.48,0.02,0.02,0.48)       300   0.25000    708.0   [0.480, 0.020, 0.020, 0.480] -
    Экстремальный вправо (0.1,0.1,0.3,0.5)   253   0.00999    651.4   [0.100, 0.100, 0.300, 0.500] +
    Экстремальный вправо (0.05,0.1,0.25,0.6) 273   0.00999    769.6   [0.050, 0.100, 0.250, 0.600] +
    Экстремальный вправо (0.02,0.08,0.2,0.7) 300   0.01075    919.4   [0.020, 0.080, 0.200, 0.700] -
    Экстремальный влево (0.5,0.3,0.1,0.1)    300   0.01371    414.1   [0.500, 0.300, 0.100, 0.100] -
    Экстремальный влево (0.6,0.25,0.1,0.05)  300   0.01806    371.6   [0.600, 0.250, 0.100, 0.050] -
    Экстремальный влево (0.7,0.2,0.08,0.02)  300   0.02596    342.4   [0.700, 0.200, 0.080, 0.020] -

    Лучший теоретический план (с достигнутой точностью):
      Симметричный (0.3,0.2,0.2,0.3)
      nu = [0.3, 0.2, 0.2, 0.3]
      n = 300 - распределение: [90, 60, 60, 90]
      delta = 0.00999 (цель<=0.01000)
      cost = 592.4

  Этап 2: Уточнение методом Монте-Карло (симуляций=700)...
    Теоретический план: n=300, delta=0.25000
     Предупреждение: даже при n=600 точность не достигнута (delta=0.25000 > 0.01000)

     Финальный план (Монте-Карло):
      nu = [0.3, 0.2, 0.2, 0.3]
      n = 300 - распределение: [90, 60, 60, 90]
      delta = 0.25000 (цель <= 0.01000)
      cost = 592.4

======================================================================
ОПТИМИЗАЦИЯ ДЛЯ N0 = 1e+08
======================================================================

  Теоретическая оптимизация для N0=1e+08...
    Равномерное                              300   0.01415    560.3   [0.250, 0.250, 0.250, 0.250] -
    Сдвиг вправо p=0.5                       300   0.01442    698.8   [0.040, 0.225, 0.328, 0.406] -
    Сдвиг вправо p=1.0                       300   0.01740    782.3   [0.005, 0.156, 0.332, 0.508] -
    Сдвиг вправо p=1.5                       300   0.25000    843.8   [0.001, 0.100, 0.311, 0.588] -
    Сдвиг вправо p=2.0                       300   0.25000    893.1   [0.000, 0.062, 0.281, 0.657] -
    Сдвиг вправо p=2.5                       300   0.25000    936.7   [0.000, 0.037, 0.247, 0.716] -
    Сдвиг вправо p=3.0                       300   0.25000    969.6   [0.000, 0.022, 0.213, 0.765] -
    Сдвиг вправо p=4.0                       300   0.25000   1023.0   [0.000, 0.007, 0.153, 0.839] -
    Сдвиг вправо p=5.0                       300   0.25000   1056.8   [0.000, 0.002, 0.106, 0.891] -
    Сдвиг вправо p=7.0                       300   0.25000   1094.6   [0.000, 0.000, 0.048, 0.951] -
    Сдвиг вправо p=10.0                      300   0.25000   1119.0   [0.000, 0.000, 0.014, 0.986] -
    Сдвиг влево p=0.5                        300   0.02486    386.9   [0.394, 0.331, 0.236, 0.039] -
    Сдвиг влево p=1.0                        300   0.04158    346.9   [0.483, 0.340, 0.172, 0.005] -
    Сдвиг влево p=1.5                        300   0.05257    337.6   [0.555, 0.327, 0.118, 0.001] -
    Сдвиг влево p=2.0                        300   0.06130    331.3   [0.617, 0.305, 0.078, 0.000] -
    Сдвиг влево p=2.5                        300   0.25000    325.9   [0.671, 0.278, 0.051, 0.000] -
    Сдвиг влево p=3.0                        300   0.25000    322.6   [0.718, 0.249, 0.033, 0.000] -
    Сдвиг влево p=4.0                        300   0.25000    318.0   [0.793, 0.194, 0.013, 0.000] -
    Сдвиг влево p=5.0                        300   0.25000    315.3   [0.849, 0.146, 0.005, 0.000] -
    Сдвиг влево p=7.0                        300   0.25000    313.5   [0.921, 0.078, 0.001, 0.000] -
    Сдвиг влево p=10.0                       300   0.25000    312.4   [0.971, 0.029, 0.000, 0.000] -
    Симметричный (0.4,0.1,0.1,0.4)           300   0.01581    656.6   [0.400, 0.100, 0.100, 0.400] -
    Симметричный (0.35,0.15,0.15,0.35)       300   0.01438    624.5   [0.350, 0.150, 0.150, 0.350] -
    Симметричный (0.3,0.2,0.2,0.3)           300   0.01396    592.4   [0.300, 0.200, 0.200, 0.300] -
    Симметричный (0.25,0.25,0.25,0.25)       300   0.01415    560.3   [0.250, 0.250, 0.250, 0.250] -
    Симметричный (0.2,0.3,0.3,0.2)           300   0.01489    528.2   [0.200, 0.300, 0.300, 0.200] -
    Симметричный (0.15,0.35,0.35,0.15)       300   0.01635    496.1   [0.150, 0.350, 0.350, 0.150] -
    Симметричный (0.1,0.4,0.4,0.1)           300   0.01916    463.9   [0.100, 0.400, 0.400, 0.100] -
    Симметричный (0.45,0.05,0.05,0.45)       300   0.02016    688.7   [0.450, 0.050, 0.050, 0.450] -
    Симметричный (0.48,0.02,0.02,0.48)       300   0.25000    708.0   [0.480, 0.020, 0.020, 0.480] -
    Экстремальный вправо (0.1,0.1,0.3,0.5)   300   0.01318    770.7   [0.100, 0.100, 0.300, 0.500] -
    Экстремальный вправо (0.05,0.1,0.25,0.6) 300   0.01401    845.3   [0.050, 0.100, 0.250, 0.600] -
    Экстремальный вправо (0.02,0.08,0.2,0.7) 300   0.01623    919.4   [0.020, 0.080, 0.200, 0.700] -
    Экстремальный влево (0.5,0.3,0.1,0.1)    300   0.01823    414.1   [0.500, 0.300, 0.100, 0.100] -
    Экстремальный влево (0.6,0.25,0.1,0.05)  300   0.02359    371.6   [0.600, 0.250, 0.100, 0.050] -
    Экстремальный влево (0.7,0.2,0.08,0.02)  300   0.03345    342.4   [0.700, 0.200, 0.080, 0.020] -

    Лучший теоретический план (точность не достигнута, минимальная delta):
      Экстремальный вправо (0.1,0.1,0.3,0.5)
      nu = [0.1, 0.1, 0.3, 0.5]
      n = 300 - распределение: [30, 30, 90, 150]
      delta = 0.01318 (цель<=0.01000)
      cost = 770.7

  Этап 2: Уточнение методом Монте-Карло (симуляций=700)...
    Теоретический план: n=300, delta=0.25000
     Предупреждение: даже при n=600 точность не достигнута (delta=0.25000 > 0.01000)

     Финальный план (Монте-Карло):
      nu = [0.1, 0.1, 0.3, 0.5]
      n = 300 - распределение: [30, 30, 90, 150]
      delta = 0.25000 (цель <= 0.01000)
      cost = 770.7

======================================================================
СВОДНАЯ ТАБЛИЦА РЕЗУЛЬТАТОВ
======================================================================

N0           Этап            n      delta      cost       Распределение (n1...nk)
--------------------------------------------------------------------------------
N0_1e+05     Теоретический   19     0.00975    23.7       [12, 4, 2, 1]
N0_1e+05     Монте-Карло     19     0.25000    23.7       [12, 4, 2, 1]
N0_1e+06     Теоретический   22     0.00982    33.6       [2, 9, 9, 2]
N0_1e+06     Монте-Карло     22     0.25000    33.6       [2, 9, 9, 2]
N0_1e+07     Теоретический   16     0.00988    48.4       [1, 1, 3, 11]
N0_1e+07     Монте-Карло     16     0.25000    48.4       [1, 1, 3, 11]
N0_5e+07     Теоретический   300    0.00999    592.4      [90, 60, 60, 90]
N0_5e+07     Монте-Карло     300    0.25000    592.4      [90, 60, 60, 90]
N0_1e+08     Теоретический   300    0.01318    770.7      [30, 30, 90, 150]
N0_1e+08     Монте-Карло     300    0.25000    770.7      [30, 30, 90, 150]
