======================================================================
нжемйю оюпюлерпнб йпхбни сярюкнярх
======================================================================
дЮРЮ: 2026-07-03 20:06:53
сПНБМЕИ: 5
нАПЮГЖНБ: 109

======================================================================
пегскэрюр дкъ ku=1 (лндекэ я N)
======================================================================
беяю:
  Weight[0] = 1532.88
  Weight[1] = 1027.89
  Weight[2] = 505.85
  Weight[3] = 185.50
  Weight[4] = 46.02
мювюкэмше оюпюлерпш:
  sigma_inf = 105.0000 лоЮ (0.5 * S_min)
  log10(C)  = 3.0789
  C         = 1199.1281
  m         = 0.160390
цпюмхжш оюпюлерпнб:
  sigma_inf: [0.00, 209.50]
  C:         [399.71, 3597.38]
  m:         [0.05, 0.48]
ярюрся: сяоеьмн

тхмюкэмше оюпюлерпш:
  sigma_inf = 181.53 лоЮ
  log10(C)  = 3.5113
  C         = 3245.3386
  m         = 0.2939
  Q         = 0.0009876
ярюмдюпрмше ньхайх:
  se(sigma_inf) = 5.514397e+00
  se(C)         = 9.101159e+02
  se(m)         = 2.834135e-02
йнбюпхюжхнммюъ люрпхжю:
       [sigma_inf        C            m     ]
      [3.040858e+01 4.771350e+03 1.520629e-01]
      [4.771350e+03 8.283110e+05 2.568599e+01]
      [1.520629e-01 2.568599e+01 8.032319e-04]
япюбмемхе:
i       S(лоЮ)      lgN_exp     lgN_calc    S_calc(лоЮ)      мЕБЪГЙЮ
----------------------------------------------------------------------
1        330.0     4.530724     4.557410         332.71 2.668590e-02
2        285.0     5.134938     5.090917         281.96 -4.402149e-02
3        254.0     5.619119     5.617042         253.90 -2.077266e-03
4        228.0     6.243595     6.273547         228.95 2.995149e-02
5        210.0     7.007919     6.997380         209.80 -1.053863e-02

======================================================================
юлокхрсдш мюопъфемхи дкъ аюгнбшу днкцнбевмняреи:
i       lg(N0)      S(lgN0) (лоЮ)
-----------------------------------
1        5.000        291.5671966
2        6.000        237.4522746
3        7.000        209.9495515
4        7.699        199.2363371
5        8.000        195.9718953

======================================================================
