================================================================================
нжемйю оюпюлерпнб йпхбни сярюкнярх (method='lm')
================================================================================
дЮРЮ: 2026-07-03 08:48:50
сПНБМЕИ: 5
нАПЮГЖНБ: 109
================================================================================

================================================================================
пегскэрюр дкъ ku=0 (sigma = sigma_inf + C * (lgN)^(-m))
================================================================================
беяю:
  Weight[0] = 1532.8829
  Weight[1] = 1027.8929
  Weight[2] = 505.8477
  Weight[3] = 185.4999
  Weight[4] = 46.0190
================================================================================
мювюкэмше оюпюлерпш:
  sigma_inf = 105.0000 лоЮ (0.5 * s_min)
  log10(C)  = 3.5218
  C         = 3325.0437
  m         = 1.782494
ярюрся норхлхгюжхх:
  сяоеьмн (ier=1: `ftol` termination condition is satisfied.)
  йНКХВЕЯРБН БШГНБНБ ТСМЙЖХХ (nfev) = 18
тхмюкэмше оюпюлерпш:
  sigma_inf = 126.3870740 лоЮ
  log10(C)  = 3.7126537
  C         = 5160.0479737
  m         = 2.1364872
  Q         = 0.0008079
ярюмдюпрмше ньхайх оюпюлерпнб:
  se(sigma_inf) = 2.956680e+00
  se(C)         = 2.793517e+02
  se(m)         = 4.485886e-02
йнбюпхюжхнммюъ люрпхжю:
       [sigma_inf        C            m     ]
      [8.741957e+00 8.114826e+02 1.313734e-01]
      [8.114826e+02 7.803740e+04 1.251524e+01]
      [1.313734e-01 1.251524e+01 2.012317e-03]
япюбмемхе:
i       s(лоЮ)      lgN_exp     lgN_calc    s_calc(лоЮ)      мЕБЪГЙЮ
----------------------------------------------------------------------
1        330.0     4.530724     4.540279         330.92 9.555236e-03
2        285.0     5.134938     5.103302         282.92 -3.163616e-02
3        254.0     5.619119     5.650105         255.51 3.098576e-02
4        228.0     6.243595     6.285920         229.48 4.232487e-02
5        210.0     7.007919     6.886553         206.94 -1.213653e-01

================================================================================
пегскэрюр дкъ ku=1 (sigma = sigma_inf + C * N^(-m))
================================================================================
беяю:
  Weight[0] = 1532.8829
  Weight[1] = 1027.8929
  Weight[2] = 505.8477
  Weight[3] = 185.4999
  Weight[4] = 46.0190
мювюкэмше оюпюлерпш:
  sigma_inf = 105.0000 лоЮ (0.5 * s_min)
  log10(C)  = 3.0789
  C         = 1199.1281
  m         = 0.160390
ярюрся норхлхгюжхх:
  сяоеьмн (ier=1: `gtol` termination condition is satisfied.)
  йНКХВЕЯРБН БШГНБНБ ТСМЙЖХХ (nfev) = 14
тхмюкэмше оюпюлерпш:
  sigma_inf = 169.8251626 лоЮ
  log10(C)  = 3.3514934
  C         = 2246.4325694
  m         = 0.2526507
  Q         = 0.0005873
ярюмдюпрмше ньхайх оюпюлерпнб:
  se(sigma_inf) = 9.899120e-01
  se(C)         = 5.093997e+01
  se(m)         = 2.685768e-03
йнбюпхюжхнммюъ люрпхжю:
       [sigma_inf        C            m     ]
      [9.799258e-01 4.804006e+01 2.593043e-03]
      [4.804006e+01 2.594880e+03 1.362491e-01]
      [2.593043e-03 1.362491e-01 7.213352e-06]
япюбмемхе:
i       s(лоЮ)      lgN_exp     lgN_calc    s_calc(лоЮ)      мЕБЪГЙЮ
----------------------------------------------------------------------
1        330.0     4.530724     4.539466         330.82 8.742370e-03
2        285.0     5.134938     5.106402         283.10 -2.853647e-02
3        254.0     5.619119     5.645388         255.30 2.626928e-02
4        228.0     6.243595     6.280444         229.26 3.684851e-02
5        210.0     7.007919     6.916820         207.93 -9.109807e-02

================================================================================
япюбмемхе дбсу лндекеи
================================================================================
оЮПЮЛЕРП                        ku=0                 ku=1
-------------------------------------------------------
sigma_inf (лоЮ)               126.39               169.83
C                            5160.05              2246.43
m                             2.1365               0.2527
Q                          0.0008079            0.0005873

================================================================================
юлокхрсдш мюопъфемхи х нрмняхрекэмше ньхайх дкъ аюгнбшу днкцнбевмняреи:
================================================================================

--- лндекэ ku=0 (sigma = sigma_inf + C * (lgN)^(-m)) ---
i       lg(N0)       s(lgN0), лоЮ     s_std, лоЮ delta = s_std/s    delta,%
--------------------------------------------------------------------------------
1        5.000        292.0835612      1.4987842       0.005131      0.51%
2        6.000        238.6260216      1.4222508       0.005960      0.60%
3        7.000        207.1315145      3.2903383       0.015885      1.59%
4        7.699        192.2743897      5.3517363       0.027834      2.78%
5        8.000        187.0905527      6.2517949       0.033416      3.34%

--- лндекэ ku=1 (sigma = sigma_inf + C * N^(-m)) ---
i       lg(N0)        s(10^N0), лоЮ     s_std, лоЮ delta = s_std/s    delta,%
--------------------------------------------------------------------------------
1        5.000          292.3545004      1.4642770       0.005009      0.50%
2        6.000          238.3092111      1.4142017       0.005934      0.59%
3        7.000          208.1022397      3.0383059       0.014600      1.46%
4        7.699          195.3136190      4.9274302       0.025228      2.52%
5        8.000          191.2189712      5.7219434       0.029924      2.99%
