======================================================================
МЕТОД МАКСИМАЛЬНОГО ПРАВДОПОДОБИЯ (MLE)
Оценка параметров методом 'вверх-вниз'
======================================================================

======================================================================
СЛУЧАЙ: Steel_45_Normal
Распределение: Normal
----------------------------------------------------------------------

НАЧАЛЬНЫЕ ПРИБЛИЖЕНИЯ (Диксон-Муд):
  a     = 295.92105263
  sigma = 6.24819640

ОЦЕНКИ МП:
  a     = 295.51952424
  sigma = 6.17894017
  Функция = 9.373886e-29

КОВАРИАЦИОННАЯ МАТРИЦА:
  [1.91771131  -0.00001365]
  [-0.00001365  4.34717875]

СТАНДАРТНЫЕ ОШИБКИ:
  SE(a)     = 1.38481454
  SE(sigma) = 2.08498891

КВАНТИЛИ:
  p		Квантиль
  --------------------------------------------------
  0.0010		276.42516370
  0.0100		281.14515990
  0.0250		283.40902404
  0.0500		285.35607208
  0.1000		287.60089379
  0.2000		290.31919699
  0.3000		292.27928484
  0.5000		295.51952424
  0.7000		298.75976363
  0.8000		300.71985149
  0.9000		303.43815469
  0.9500		305.68297639
  0.9750		307.63002444
  0.9900		309.89388858
  0.9990		314.61388478

  Итераций: 6
  Успешно: True
----------------------------------------------------------------------

======================================================================
СЛУЧАЙ: Steel_45_Weibull
Распределение: Weibull
----------------------------------------------------------------------

НАЧАЛЬНЫЕ ПРИБЛИЖЕНИЯ (Диксон-Муд):
  a     = 5.69047641
  sigma = 0.02173340

ОЦЕНКИ МП:
  a     = 5.69724286
  sigma = 0.01959415
  Функция = 1.358999e-25

КОВАРИАЦИОННАЯ МАТРИЦА:
  [2.48796913  0.76272419]
  [0.76272419  4.64958246]

СТАНДАРТНЫЕ ОШИБКИ:
  SE(a)     = 1.57732975
  SE(sigma) = 2.15628905

КВАНТИЛИ:
  p		Квантиль
  --------------------------------------------------
  0.0250		277.33049369
  0.0750		283.51005941
  0.1250		286.51521161
  0.1750		288.57220550
  0.2250		290.16778747
  0.2750		291.49222749
  0.3250		292.64056378
  0.3750		293.66773799
  0.4250		294.60897961
  0.4750		295.48887435
  0.5250		296.32599674
  0.5750		297.13560655
  0.6250		297.93149565
  0.6750		298.72758671
  0.7250		299.53980190
  0.7750		300.38899713
  0.8250		301.30684969
  0.8750		302.35073813
  0.9250		303.65488565
  0.9750		305.76583200
  0.9900		307.09791916

  Итераций: 8
  Успешно: True
----------------------------------------------------------------------

======================================================================
СЛУЧАЙ: Steel_45_BS
Распределение: BS
----------------------------------------------------------------------

НАЧАЛЬНЫЕ ПРИБЛИЖЕНИЯ (Диксон-Муд):
  a     = 5.69047641
  sigma = 0.02173340

ОЦЕНКИ МП:
  a     = 5.68864312
  sigma = 0.02085057
  Функция = 9.183391e-26

КОВАРИАЦИОННАЯ МАТРИЦА:
  [1.91615110  -0.00001346]
  [-0.00001346  4.35793624]

СТАНДАРТНЫЕ ОШИБКИ:
  SE(a)     = 1.38425110
  SE(sigma) = 2.08756706

КВАНТИЛИ:
  p		Квантиль
  --------------------------------------------------
  0.0010		277.05333105
  0.0100		281.50140650
  0.0250		283.66011884
  0.0500		285.52996712
  0.1000		287.70108509
  0.2000		290.35224973
  0.3000		292.27907228
  0.5000		295.49240143
  0.7000		298.74105805
  0.8000		300.72355004
  0.9000		303.49471666
  0.9500		305.80243531
  0.9750		307.81824269
  0.9900		310.17876744
  0.9990		315.15866988

  Итераций: 6
  Успешно: True
----------------------------------------------------------------------

======================================================================
Расчет завершен
======================================================================
